c:\users\jasmine\desktop\a\pointlight\directx\project\client\x64\release\mygame.pch
c:\users\jasmine\desktop\a\pointlight\directx\project\client\x64\release\vc143.pdb
c:\users\jasmine\desktop\a\pointlight\directx\project\client\x64\release\pch.obj
c:\users\jasmine\desktop\a\pointlight\directx\project\client\x64\release\imgui_tables.obj
c:\users\jasmine\desktop\a\pointlight\directx\project\client\x64\release\imgui_impl_win32.obj
c:\users\jasmine\desktop\a\pointlight\directx\project\client\x64\release\imgui_impl_dx11.obj
c:\users\jasmine\desktop\a\pointlight\directx\project\client\x64\release\imgui_draw.obj
c:\users\jasmine\desktop\a\pointlight\directx\project\client\x64\release\imgui_demo.obj
c:\users\jasmine\desktop\a\pointlight\directx\project\client\x64\release\imgui.obj
c:\users\jasmine\desktop\a\pointlight\directx\project\client\x64\release\graphicshaderui.obj
c:\users\jasmine\desktop\a\pointlight\directx\project\client\x64\release\gameobjectex.obj
c:\users\jasmine\desktop\a\pointlight\directx\project\client\x64\release\flipbookui.obj
c:\users\jasmine\desktop\a\pointlight\directx\project\client\x64\release\editorui.obj
c:\users\jasmine\desktop\a\pointlight\directx\project\client\x64\release\editormgr_ui.obj
c:\users\jasmine\desktop\a\pointlight\directx\project\client\x64\release\editormgr_obj.obj
c:\users\jasmine\desktop\a\pointlight\directx\project\client\x64\release\editormgr.obj
c:\users\jasmine\desktop\a\pointlight\directx\project\client\x64\release\contentui.obj
c:\users\jasmine\desktop\a\pointlight\directx\project\client\x64\release\computeshaderui.obj
c:\users\jasmine\desktop\a\pointlight\directx\project\client\x64\release\componentui.obj
c:\users\jasmine\desktop\a\pointlight\directx\project\client\x64\release\collider2dui.obj
c:\users\jasmine\desktop\a\pointlight\directx\project\client\x64\release\ceditorcammovescript.obj
c:\users\jasmine\desktop\a\pointlight\directx\project\client\x64\release\cameraui.obj
c:\users\jasmine\desktop\a\pointlight\directx\project\client\x64\release\assetui.obj
c:\users\jasmine\desktop\a\pointlight\directx\project\client\x64\release\textureui.obj
c:\users\jasmine\desktop\a\pointlight\directx\project\client\x64\release\testlevel.obj
c:\users\jasmine\desktop\a\pointlight\directx\project\client\x64\release\spriteui.obj
c:\users\jasmine\desktop\a\pointlight\directx\project\client\x64\release\soundui.obj
c:\users\jasmine\desktop\a\pointlight\directx\project\client\x64\release\scriptui.obj
c:\users\jasmine\desktop\a\pointlight\directx\project\client\x64\release\rendercomponentui.obj
c:\users\jasmine\desktop\a\pointlight\directx\project\client\x64\release\prefabui.obj
c:\users\jasmine\desktop\a\pointlight\directx\project\client\x64\release\outliner.obj
c:\users\jasmine\desktop\a\pointlight\directx\project\client\x64\release\meshui.obj
c:\users\jasmine\desktop\a\pointlight\directx\project\client\x64\release\meshrenderui.obj
c:\users\jasmine\desktop\a\pointlight\directx\project\client\x64\release\meshdataui.obj
c:\users\jasmine\desktop\a\pointlight\directx\project\client\x64\release\materialui.obj
c:\users\jasmine\desktop\a\pointlight\directx\project\client\x64\release\mainmenu.obj
c:\users\jasmine\desktop\a\pointlight\directx\project\client\x64\release\main.obj
c:\users\jasmine\desktop\a\pointlight\directx\project\client\x64\release\listui.obj
c:\users\jasmine\desktop\a\pointlight\directx\project\client\x64\release\light3dui.obj
c:\users\jasmine\desktop\a\pointlight\directx\project\client\x64\release\light2dui.obj
c:\users\jasmine\desktop\a\pointlight\directx\project\client\x64\release\levelui.obj
c:\users\jasmine\desktop\a\pointlight\directx\project\client\x64\release\inspector.obj
c:\users\jasmine\desktop\a\pointlight\directx\project\client\x64\release\imgui_widgets.obj
c:\users\jasmine\desktop\a\pointlight\directx\project\client\x64\release\treeui.obj
c:\users\jasmine\desktop\a\pointlight\directx\project\client\x64\release\transformui.obj
c:\users\jasmine\desktop\a\pointlight\directx\project\client\x64\release\client.res
c:\users\jasmine\desktop\a\pointlight\directx\project\client\x64\release\client.tlog\cl.command.1.tlog
c:\users\jasmine\desktop\a\pointlight\directx\project\client\x64\release\client.tlog\cl.read.1.tlog
c:\users\jasmine\desktop\a\pointlight\directx\project\client\x64\release\client.tlog\cl.write.1.tlog
c:\users\jasmine\desktop\a\pointlight\directx\project\client\x64\release\client.tlog\link.command.1.tlog
c:\users\jasmine\desktop\a\pointlight\directx\project\client\x64\release\client.tlog\link.read.1.tlog
c:\users\jasmine\desktop\a\pointlight\directx\project\client\x64\release\client.tlog\link.write.1.tlog
c:\users\jasmine\desktop\a\pointlight\directx\project\client\x64\release\client.tlog\rc.command.1.tlog
c:\users\jasmine\desktop\a\pointlight\directx\project\client\x64\release\client.tlog\rc.read.1.tlog
c:\users\jasmine\desktop\a\pointlight\directx\project\client\x64\release\client.tlog\rc.write.1.tlog
