C:\Program Files\Microsoft Visual Studio\2022\Community\MSBuild\Microsoft\VC\v170\Microsoft.CppBuild.targets(524,5): warning MSB8004: Output 디렉터리가 슬래시로 끝나지 않습니다. Output 디렉터리의 적절한 평가를 허용하는 데 필요하므로 이 빌드 인스턴스에서 슬래시를 추가합니다.
  .\Project\Engine\ABoneMatrixCS.h
  .\Project\Engine\AComputeShader.h
  .\Project\Engine\AFlipbook.h
  .\Project\Engine\AGraphicShader.h
  .\Project\Engine\AHeightMapCS.h
  .\Project\Engine\AMaterial.h
  .\Project\Engine\AMesh.h
  .\Project\Engine\AMeshData.h
  .\Project\Engine\AParticleTickCS.h
  .\Project\Engine\APrefab.h
  .\Project\Engine\ARayCastCS.h
  .\Project\Engine\ASetColorCS.h
  .\Project\Engine\ASound.h
  .\Project\Engine\ASprite.h
  .\Project\Engine\Asset.h
  .\Project\Engine\AssetMgr.h
  .\Project\Engine\assets.h
  .\Project\Engine\ATexture.h
  .\Project\Engine\AWeightMapCS.h
  .\Project\Engine\CAnimator3D.h
  .\Project\Engine\CCamera.h
  .\Project\Engine\CCollider2D.h
  .\Project\Engine\CDecal.h
  .\Project\Engine\CFlipbookRender.h
  .\Project\Engine\CLandScape.h
  .\Project\Engine\CLight2D.h
  .\Project\Engine\CLight3D.h
  .\Project\Engine\CMeshRender.h
  .\Project\Engine\CollisionMgr.h
  .\Project\Engine\Component.h
  .\Project\Engine\components.h
  .\Project\Engine\ConstBuffer.h
  .\Project\Engine\CParticleRender.h
  .\Project\Engine\CRenderComponent.h
  .\Project\Engine\CScript.h
  .\Project\Engine\CSkyBox.h
  .\Project\Engine\CSpriteRender.h
  .\Project\Engine\CTileRender.h
  .\Project\Engine\CTransform.h
  .\Project\Engine\define.h
  .\Project\Engine\Device.h
  .\Project\Engine\Engine.h
  .\Project\Engine\Entity.h
  .\Project\Engine\enum.h
  .\Project\Engine\FBXLoader.h
  .\Project\Engine\FontMgr.h
  .\Project\Engine\Frustum.h
  .\Project\Engine\func.h
  .\Project\Engine\GameObject.h
  .\Project\Engine\global.h
  .\Project\Engine\KeyMgr.h
  .\Project\Engine\Layer.h
  .\Project\Engine\Level.h
  .\Project\Engine\LevelMgr.h
  .\Project\Engine\MRT.h
  .\Project\Engine\PathMgr.h
  .\Project\Engine\Ptr.h
  .\Project\Engine\RenderMgr.h
  .\Project\Engine\SimpleMath.h
  .\Project\Engine\singleton.h
  .\Project\Engine\struct.h
  .\Project\Engine\StructuredBuffer.h
  .\Project\Engine\TaskMgr.h
  .\Project\Engine\TimeMgr.h
  64개 파일이 복사되었습니다.
  .\Project\Engine\SimpleMath.inl
  1개 파일이 복사되었습니다.
  .\Project\Engine\bonemat.fx
  .\Project\Engine\debug.fx
  .\Project\Engine\decal.fx
  .\Project\Engine\flipbook.fx
  .\Project\Engine\func.fx
  .\Project\Engine\heightmap.fx
  .\Project\Engine\landscape.fx
  .\Project\Engine\light.fx
  .\Project\Engine\merge.fx
  .\Project\Engine\particle.fx
  .\Project\Engine\particle_tick.fx
  .\Project\Engine\postprocess.fx
  .\Project\Engine\raycast.fx
  .\Project\Engine\ShadowCubeMap.fx
  .\Project\Engine\shadowmap.fx
  .\Project\Engine\skybox.fx
  .\Project\Engine\sprite.fx
  .\Project\Engine\std2d.fx
  .\Project\Engine\std3d.fx
  .\Project\Engine\std3d_deferred.fx
  .\Project\Engine\struct.fx
  .\Project\Engine\TessTest.fx
  .\Project\Engine\test.fx
  .\Project\Engine\tile.fx
  .\Project\Engine\value.fx
  .\Project\Engine\volumemesh.fx
  .\Project\Engine\weightmap.fx
  27개 파일이 복사되었습니다.
FXC : warning X4717: Effects deprecated for D3DCompiler_47
  
  compilation object save succeeded; see C:\Users\Jasmine\Desktop\PointLight\DirectX\External\Library\Engine\bonemat.cso
FXC : warning X4717: Effects deprecated for D3DCompiler_47
C:\Users\Jasmine\Desktop\PointLight\DirectX\Project\Engine\debug.fx(27,5-68): warning X3206: implicit truncation of vector type
C:\Users\Jasmine\Desktop\PointLight\DirectX\Project\Engine\debug.fx(28,5-74): warning X3206: implicit truncation of vector type
  
  compilation object save succeeded; see C:\Users\Jasmine\Desktop\PointLight\DirectX\External\Library\Engine\debug.cso
FXC : warning X4717: Effects deprecated for D3DCompiler_47
C:\Users\Jasmine\Desktop\PointLight\DirectX\Project\Engine\decal.fx(30,5-24): warning X3206: implicit truncation of vector type
  
  compilation object save succeeded; see C:\Users\Jasmine\Desktop\PointLight\DirectX\External\Library\Engine\decal.cso
FXC : warning X4717: Effects deprecated for D3DCompiler_47
  
  compilation object save succeeded; see C:\Users\Jasmine\Desktop\PointLight\DirectX\External\Library\Engine\flipbook.cso
FXC : warning X4717: Effects deprecated for D3DCompiler_47
C:\Users\Jasmine\Desktop\PointLight\DirectX\Project\Engine\func.fx(42,21-36): warning X3203: signed/unsigned mismatch, unsigned assumed
  
  compilation object save succeeded; see C:\Users\Jasmine\Desktop\PointLight\DirectX\External\Library\Engine\func.cso
FXC : warning X4717: Effects deprecated for D3DCompiler_47
  
  compilation object save succeeded; see C:\Users\Jasmine\Desktop\PointLight\DirectX\External\Library\Engine\heightmap.cso
FXC : warning X4717: Effects deprecated for D3DCompiler_47
C:\Users\Jasmine\Desktop\PointLight\DirectX\Project\Engine\func.fx(42,21-36): warning X3203: signed/unsigned mismatch, unsigned assumed
  
  compilation object save succeeded; see C:\Users\Jasmine\Desktop\PointLight\DirectX\External\Library\Engine\landscape.cso
FXC : warning X4717: Effects deprecated for D3DCompiler_47
C:\Users\Jasmine\Desktop\PointLight\DirectX\Project\Engine\func.fx(42,21-36): warning X3203: signed/unsigned mismatch, unsigned assumed
C:\Users\Jasmine\Desktop\PointLight\DirectX\Project\Engine\light.fx(132,12-66): warning X3206: implicit truncation of vector type
C:\Users\Jasmine\Desktop\PointLight\DirectX\Project\Engine\light.fx(133,12-69): warning X3206: implicit truncation of vector type
C:\Users\Jasmine\Desktop\PointLight\DirectX\Project\Engine\light.fx(143,12-35): warning X3206: implicit truncation of vector type
  
  compilation object save succeeded; see C:\Users\Jasmine\Desktop\PointLight\DirectX\External\Library\Engine\light.cso
FXC : warning X4717: Effects deprecated for D3DCompiler_47
C:\Users\Jasmine\Desktop\PointLight\DirectX\Project\Engine\func.fx(42,21-36): warning X3203: signed/unsigned mismatch, unsigned assumed
  
  compilation object save succeeded; see C:\Users\Jasmine\Desktop\PointLight\DirectX\External\Library\Engine\merge.cso
FXC : warning X4717: Effects deprecated for D3DCompiler_47
C:\Users\Jasmine\Desktop\PointLight\DirectX\Project\Engine\particle.fx(59,12-60): warning X3206: implicit truncation of vector type
  
  compilation object save succeeded; see C:\Users\Jasmine\Desktop\PointLight\DirectX\External\Library\Engine\particle.cso
FXC : warning X4717: Effects deprecated for D3DCompiler_47
  
  compilation object save succeeded; see C:\Users\Jasmine\Desktop\PointLight\DirectX\External\Library\Engine\particle_tick.cso
FXC : warning X4717: Effects deprecated for D3DCompiler_47
  
  compilation object save succeeded; see C:\Users\Jasmine\Desktop\PointLight\DirectX\External\Library\Engine\postprocess.cso
FXC : warning X4717: Effects deprecated for D3DCompiler_47
C:\Users\Jasmine\Desktop\PointLight\DirectX\Project\Engine\func.fx(42,21-36): warning X3203: signed/unsigned mismatch, unsigned assumed
  
  compilation object save succeeded; see C:\Users\Jasmine\Desktop\PointLight\DirectX\External\Library\Engine\raycast.cso
FXC : warning X4717: Effects deprecated for D3DCompiler_47
C:\Users\Jasmine\Desktop\PointLight\DirectX\Project\Engine\ShadowCubeMap.fx(20,5-61): warning X3206: implicit truncation of vector type
C:\Users\Jasmine\Desktop\PointLight\DirectX\Project\Engine\ShadowCubeMap.fx(56,12-35): warning X3206: implicit truncation of vector type
  
  compilation object save succeeded; see C:\Users\Jasmine\Desktop\PointLight\DirectX\External\Library\Engine\ShadowCubeMap.cso
FXC : warning X4717: Effects deprecated for D3DCompiler_47
  
  compilation object save succeeded; see C:\Users\Jasmine\Desktop\PointLight\DirectX\External\Library\Engine\shadowmap.cso
FXC : warning X4717: Effects deprecated for D3DCompiler_47
C:\Users\Jasmine\Desktop\PointLight\DirectX\Project\Engine\func.fx(42,21-36): warning X3203: signed/unsigned mismatch, unsigned assumed
  
  compilation object save succeeded; see C:\Users\Jasmine\Desktop\PointLight\DirectX\External\Library\Engine\skybox.cso
FXC : warning X4717: Effects deprecated for D3DCompiler_47
  
  compilation object save succeeded; see C:\Users\Jasmine\Desktop\PointLight\DirectX\External\Library\Engine\sprite.cso
FXC : warning X4717: Effects deprecated for D3DCompiler_47
C:\Users\Jasmine\Desktop\PointLight\DirectX\Project\Engine\func.fx(42,21-36): warning X3203: signed/unsigned mismatch, unsigned assumed
C:\Users\Jasmine\Desktop\PointLight\DirectX\Project\Engine\std2d.fx(43,5-61): warning X3206: implicit truncation of vector type
  
  compilation object save succeeded; see C:\Users\Jasmine\Desktop\PointLight\DirectX\External\Library\Engine\std2d.cso
FXC : warning X4717: Effects deprecated for D3DCompiler_47
C:\Users\Jasmine\Desktop\PointLight\DirectX\Project\Engine\func.fx(42,21-36): warning X3203: signed/unsigned mismatch, unsigned assumed
C:\Users\Jasmine\Desktop\PointLight\DirectX\Project\Engine\std3d.fx(59,5-28): warning X3206: implicit truncation of vector type
C:\Users\Jasmine\Desktop\PointLight\DirectX\Project\Engine\std3d.fx(94,21-36): warning X3203: signed/unsigned mismatch, unsigned assumed
  
  compilation object save succeeded; see C:\Users\Jasmine\Desktop\PointLight\DirectX\External\Library\Engine\std3d.cso
FXC : warning X4717: Effects deprecated for D3DCompiler_47
C:\Users\Jasmine\Desktop\PointLight\DirectX\Project\Engine\func.fx(42,21-36): warning X3203: signed/unsigned mismatch, unsigned assumed
C:\Users\Jasmine\Desktop\PointLight\DirectX\Project\Engine\std3d_deferred.fx(89,9-55): warning X3206: implicit truncation of vector type
  
  compilation object save succeeded; see C:\Users\Jasmine\Desktop\PointLight\DirectX\External\Library\Engine\std3d_deferred.cso
FXC : warning X4717: Effects deprecated for D3DCompiler_47
  
  compilation object save succeeded; see C:\Users\Jasmine\Desktop\PointLight\DirectX\External\Library\Engine\struct.cso
FXC : warning X4717: Effects deprecated for D3DCompiler_47
C:\Users\Jasmine\Desktop\PointLight\DirectX\Project\Engine\func.fx(42,21-36): warning X3203: signed/unsigned mismatch, unsigned assumed
  
  compilation object save succeeded; see C:\Users\Jasmine\Desktop\PointLight\DirectX\External\Library\Engine\TessTest.cso
FXC : warning X4717: Effects deprecated for D3DCompiler_47
  
  compilation object save succeeded; see C:\Users\Jasmine\Desktop\PointLight\DirectX\External\Library\Engine\test.cso
FXC : warning X4717: Effects deprecated for D3DCompiler_47
C:\Users\Jasmine\Desktop\PointLight\DirectX\Project\Engine\func.fx(42,21-36): warning X3203: signed/unsigned mismatch, unsigned assumed
C:\Users\Jasmine\Desktop\PointLight\DirectX\Project\Engine\tile.fx(38,5-61): warning X3206: implicit truncation of vector type
  
  compilation object save succeeded; see C:\Users\Jasmine\Desktop\PointLight\DirectX\External\Library\Engine\tile.cso
FXC : warning X4717: Effects deprecated for D3DCompiler_47
  
  compilation object save succeeded; see C:\Users\Jasmine\Desktop\PointLight\DirectX\External\Library\Engine\value.cso
FXC : warning X4717: Effects deprecated for D3DCompiler_47
  
  compilation object save succeeded; see C:\Users\Jasmine\Desktop\PointLight\DirectX\External\Library\Engine\volumemesh.cso
  pch.cpp
C:\Users\Jasmine\Desktop\PointLight\DirectX\External\Include\FBXLoader\fbxsdk.h(118,10): warning C4067: 전처리기 지시문 다음에 예기치 않은 토큰이 있습니다. 줄 바꿈 문자가 필요합니다.
  (소스 파일 'pch.cpp'을(를) 컴파일하는 중)
  
  ABoneMatrixCS.cpp
  AComputeShader.cpp
  AFlipbook.cpp
  AGraphicShader.cpp
  AHeightMapCS.cpp
  AMaterial.cpp
  AMesh.cpp
  AMeshData.cpp
  AParticleTickCS.cpp
  APrefab.cpp
  ARayCastCS.cpp
  ASetColorCS.cpp
  ASound.cpp
C:\Program Files\Microsoft Visual Studio\2022\Community\VC\Tools\MSVC\14.44.35207\include\xutility(4813,18): warning C4244: '=': 'const wchar_t'에서 'char'(으)로 변환하면서 데이터가 손실될 수 있습니다.
  (소스 파일 '/ASound.cpp'을(를) 컴파일하는 중)
      C:\Program Files\Microsoft Visual Studio\2022\Community\VC\Tools\MSVC\14.44.35207\include\xutility(4813,18):
      템플릿 인스턴스화 컨텍스트(가장 오래된 인스턴스화 컨텍스트)가
          C:\Users\Jasmine\Desktop\PointLight\DirectX\Project\Engine\ASound.cpp(107,13):
          컴파일되는 함수 템플릿 인스턴스화 'std::basic_string<char,std::char_traits<char>,std::allocator<char>>::basic_string<std::_String_const_iterator<std::_String_val<std::_Simple_types<_Elem>>>,0>(_Iter,_Iter,const _Alloc &)'에 대한 참조를 확인하세요.
          with
          [
              _Elem=wchar_t,
              _Iter=std::_String_const_iterator<std::_String_val<std::_Simple_types<wchar_t>>>,
              _Alloc=std::allocator<char>
          ]
              C:\Users\Jasmine\Desktop\PointLight\DirectX\Project\Engine\ASound.cpp(107,13):
              'ASound::Load'에서 'std::basic_string<char,std::char_traits<char>,std::allocator<char>>::basic_string'에 대한 첫 번째 참조를 확인하세요.
          C:\Program Files\Microsoft Visual Studio\2022\Community\VC\Tools\MSVC\14.44.35207\include\xstring(812,17):
          컴파일되는 함수 템플릿 인스턴스화 'void std::basic_string<char,std::char_traits<char>,std::allocator<char>>::_Construct_from_iter<const wchar_t*,const wchar_t*,_Size_type>(_Iter,const _Sent,_Size)'에 대한 참조를 확인하세요.
          with
          [
              _Size_type=unsigned __int64,
              _Iter=const wchar_t *,
              _Sent=const wchar_t *,
              _Size=unsigned __int64
          ]
          C:\Program Files\Microsoft Visual Studio\2022\Community\VC\Tools\MSVC\14.44.35207\include\xstring(968,18):
          컴파일되는 함수 템플릿 인스턴스화 '_OutIt *std::_Copy_n_unchecked4<const wchar_t*,_Size,char*>(_InIt,_SizeTy,_OutIt)'에 대한 참조를 확인하세요.
          with
          [
              _OutIt=char *,
              _Size=unsigned __int64,
              _InIt=const wchar_t *,
              _SizeTy=unsigned __int64
          ]
  
  ASprite.cpp
  Asset.cpp
  AssetMgr.cpp
  AssetMgr_Init.cpp
C:\Users\Jasmine\Desktop\PointLight\DirectX\Project\Engine\AssetMgr_Init.cpp(136,20): warning C4018: '<': signed 또는 unsigned가 일치하지 않습니다.
  (소스 파일 '/AssetMgr_Init.cpp'을(를) 컴파일하는 중)
  
C:\Users\Jasmine\Desktop\PointLight\DirectX\Project\Engine\AssetMgr_Init.cpp(144,20): warning C4018: '<': signed 또는 unsigned가 일치하지 않습니다.
  (소스 파일 '/AssetMgr_Init.cpp'을(를) 컴파일하는 중)
  
C:\Users\Jasmine\Desktop\PointLight\DirectX\Project\Engine\AssetMgr_Init.cpp(159,20): warning C4018: '<': signed 또는 unsigned가 일치하지 않습니다.
  (소스 파일 '/AssetMgr_Init.cpp'을(를) 컴파일하는 중)
  
  ATexture.cpp
  CAnimator3D.cpp
  CCamera.cpp
C:\Users\Jasmine\Desktop\PointLight\DirectX\Project\Engine\RenderMgr.h(49,108): warning C4267: 'return': 'size_t'에서 'int'(으)로 변환하면서 데이터가 손실될 수 있습니다.
  (소스 파일 '/CCamera.cpp'을(를) 컴파일하는 중)
  
  코드를 생성하고 있습니다...
C:\Users\Jasmine\Desktop\PointLight\DirectX\Project\Engine\AComputeShader.cpp(69,1): warning C4715: 'AComputeShader::Execute': 모든 제어 경로에서 값을 반환하지는 않습니다.
  컴파일하고 있습니다...
  CCollider2D.cpp
  CFlipbookRender.cpp
C:\Users\Jasmine\Desktop\PointLight\DirectX\Project\Engine\CFlipbookRender.cpp(144,21): warning C4267: '초기화 중': 'size_t'에서 'UINT'(으)로 변환하면서 데이터가 손실될 수 있습니다.
  (소스 파일 '/CFlipbookRender.cpp'을(를) 컴파일하는 중)
  
  CLandScape.cpp
C:\Users\Jasmine\Desktop\PointLight\DirectX\Project\Engine\RenderMgr.h(49,108): warning C4267: 'return': 'size_t'에서 'int'(으)로 변환하면서 데이터가 손실될 수 있습니다.
  (소스 파일 '/CLandScape.cpp'을(를) 컴파일하는 중)
  
C:\Users\Jasmine\Desktop\PointLight\DirectX\Project\Engine\CLandScape.cpp(79,24): warning C4018: '<': signed 또는 unsigned가 일치하지 않습니다.
  (소스 파일 '/CLandScape.cpp'을(를) 컴파일하는 중)
  
C:\Users\Jasmine\Desktop\PointLight\DirectX\Project\Engine\CLandScape.cpp(81,25): warning C4018: '<': signed 또는 unsigned가 일치하지 않습니다.
  (소스 파일 '/CLandScape.cpp'을(를) 컴파일하는 중)
  
C:\Users\Jasmine\Desktop\PointLight\DirectX\Project\Engine\CLandScape.cpp(97,24): warning C4018: '<': signed 또는 unsigned가 일치하지 않습니다.
  (소스 파일 '/CLandScape.cpp'을(를) 컴파일하는 중)
  
C:\Users\Jasmine\Desktop\PointLight\DirectX\Project\Engine\CLandScape.cpp(99,25): warning C4018: '<': signed 또는 unsigned가 일치하지 않습니다.
  (소스 파일 '/CLandScape.cpp'을(를) 컴파일하는 중)
  
  CLight2D.cpp
C:\Users\Jasmine\Desktop\PointLight\DirectX\Project\Engine\RenderMgr.h(49,108): warning C4267: 'return': 'size_t'에서 'int'(으)로 변환하면서 데이터가 손실될 수 있습니다.
  (소스 파일 '/CLight2D.cpp'을(를) 컴파일하는 중)
  
  CLight3D.cpp
C:\Users\Jasmine\Desktop\PointLight\DirectX\Project\Engine\RenderMgr.h(49,108): warning C4267: 'return': 'size_t'에서 'int'(으)로 변환하면서 데이터가 손실될 수 있습니다.
  (소스 파일 '/CLight3D.cpp'을(를) 컴파일하는 중)
  
  CMeshRender.cpp
C:\Users\Jasmine\Desktop\PointLight\DirectX\Project\Engine\CMeshRender.cpp(23,20): warning C4018: '<': signed 또는 unsigned가 일치하지 않습니다.
  (소스 파일 '/CMeshRender.cpp'을(를) 컴파일하는 중)
  
  CollisionMgr.cpp
  Component.cpp
  ConstBuffer.cpp
  CParticleRender.cpp
C:\Users\Jasmine\Desktop\PointLight\DirectX\Project\Engine\CParticleRender.cpp(19,20): warning C4018: '<': signed 또는 unsigned가 일치하지 않습니다.
  (소스 파일 '/CParticleRender.cpp'을(를) 컴파일하는 중)
  
  CRenderComponent.cpp
C:\Users\Jasmine\Desktop\PointLight\DirectX\Project\Engine\CRenderComponent.cpp(29,23): warning C4267: '인수': 'size_t'에서 'UINT'(으)로 변환하면서 데이터가 손실될 수 있습니다.
  (소스 파일 '/CRenderComponent.cpp'을(를) 컴파일하는 중)
  
C:\Users\Jasmine\Desktop\PointLight\DirectX\Project\Engine\CRenderComponent.cpp(112,20): warning C4018: '<': signed 또는 unsigned가 일치하지 않습니다.
  (소스 파일 '/CRenderComponent.cpp'을(를) 컴파일하는 중)
  
  CScript.cpp
  CSkyBox.cpp
  CSpriteRender.cpp
  CTileRender.cpp
C:\Users\Jasmine\Desktop\PointLight\DirectX\Project\Engine\CTileRender.cpp(105,60): warning C4267: '인수': 'size_t'에서 'UINT'(으)로 변환하면서 데이터가 손실될 수 있습니다.
  (소스 파일 '/CTileRender.cpp'을(를) 컴파일하는 중)
  
  CTransform.cpp
  CDecal.cpp
  Device.cpp
C:\Users\Jasmine\Desktop\PointLight\DirectX\Project\Engine\Device.cpp(230,28): warning C4305: '=': 'unsigned int'에서 'UINT8'(으)로 잘립니다.
  (소스 파일 '/Device.cpp'을(를) 컴파일하는 중)
  
C:\Users\Jasmine\Desktop\PointLight\DirectX\Project\Engine\Device.cpp(230,28): warning C4309: '=': 상수 값이 잘립니다.
  (소스 파일 '/Device.cpp'을(를) 컴파일하는 중)
  
C:\Users\Jasmine\Desktop\PointLight\DirectX\Project\Engine\Device.cpp(231,29): warning C4305: '=': 'unsigned int'에서 'UINT8'(으)로 잘립니다.
  (소스 파일 '/Device.cpp'을(를) 컴파일하는 중)
  
C:\Users\Jasmine\Desktop\PointLight\DirectX\Project\Engine\Device.cpp(231,29): warning C4309: '=': 상수 값이 잘립니다.
  (소스 파일 '/Device.cpp'을(를) 컴파일하는 중)
  
C:\Users\Jasmine\Desktop\PointLight\DirectX\Project\Engine\Device.cpp(250,28): warning C4305: '=': 'unsigned int'에서 'UINT8'(으)로 잘립니다.
  (소스 파일 '/Device.cpp'을(를) 컴파일하는 중)
  
C:\Users\Jasmine\Desktop\PointLight\DirectX\Project\Engine\Device.cpp(250,28): warning C4309: '=': 상수 값이 잘립니다.
  (소스 파일 '/Device.cpp'을(를) 컴파일하는 중)
  
C:\Users\Jasmine\Desktop\PointLight\DirectX\Project\Engine\Device.cpp(251,29): warning C4305: '=': 'unsigned int'에서 'UINT8'(으)로 잘립니다.
  (소스 파일 '/Device.cpp'을(를) 컴파일하는 중)
  
C:\Users\Jasmine\Desktop\PointLight\DirectX\Project\Engine\Device.cpp(251,29): warning C4309: '=': 상수 값이 잘립니다.
  (소스 파일 '/Device.cpp'을(를) 컴파일하는 중)
  
C:\Users\Jasmine\Desktop\PointLight\DirectX\Project\Engine\Device.cpp(274,28): warning C4305: '=': 'unsigned int'에서 'UINT8'(으)로 잘립니다.
  (소스 파일 '/Device.cpp'을(를) 컴파일하는 중)
  
C:\Users\Jasmine\Desktop\PointLight\DirectX\Project\Engine\Device.cpp(274,28): warning C4309: '=': 상수 값이 잘립니다.
  (소스 파일 '/Device.cpp'을(를) 컴파일하는 중)
  
C:\Users\Jasmine\Desktop\PointLight\DirectX\Project\Engine\Device.cpp(275,29): warning C4305: '=': 'unsigned int'에서 'UINT8'(으)로 잘립니다.
  (소스 파일 '/Device.cpp'을(를) 컴파일하는 중)
  
C:\Users\Jasmine\Desktop\PointLight\DirectX\Project\Engine\Device.cpp(275,29): warning C4309: '=': 상수 값이 잘립니다.
  (소스 파일 '/Device.cpp'을(를) 컴파일하는 중)
  
C:\Users\Jasmine\Desktop\PointLight\DirectX\Project\Engine\Device.cpp(293,28): warning C4305: '=': 'unsigned int'에서 'UINT8'(으)로 잘립니다.
  (소스 파일 '/Device.cpp'을(를) 컴파일하는 중)
  
C:\Users\Jasmine\Desktop\PointLight\DirectX\Project\Engine\Device.cpp(293,28): warning C4309: '=': 상수 값이 잘립니다.
  (소스 파일 '/Device.cpp'을(를) 컴파일하는 중)
  
C:\Users\Jasmine\Desktop\PointLight\DirectX\Project\Engine\Device.cpp(294,29): warning C4305: '=': 'unsigned int'에서 'UINT8'(으)로 잘립니다.
  (소스 파일 '/Device.cpp'을(를) 컴파일하는 중)
  
C:\Users\Jasmine\Desktop\PointLight\DirectX\Project\Engine\Device.cpp(294,29): warning C4309: '=': 상수 값이 잘립니다.
  (소스 파일 '/Device.cpp'을(를) 컴파일하는 중)
  
  Engine.cpp
C:\Users\Jasmine\Desktop\PointLight\DirectX\Project\Engine\RenderMgr.h(49,108): warning C4267: 'return': 'size_t'에서 'int'(으)로 변환하면서 데이터가 손실될 수 있습니다.
  (소스 파일 '/Engine.cpp'을(를) 컴파일하는 중)
  
C:\Users\Jasmine\Desktop\PointLight\DirectX\Project\Engine\Engine.cpp(107,37): warning C4244: '=': 'LONG'에서 'float'(으)로 변환하면서 데이터가 손실될 수 있습니다.
  (소스 파일 '/Engine.cpp'을(를) 컴파일하는 중)
  
C:\Users\Jasmine\Desktop\PointLight\DirectX\Project\Engine\Engine.cpp(108,38): warning C4244: '=': 'LONG'에서 'float'(으)로 변환하면서 데이터가 손실될 수 있습니다.
  (소스 파일 '/Engine.cpp'을(를) 컴파일하는 중)
  
  Entity.cpp
  코드를 생성하고 있습니다...
  컴파일하고 있습니다...
  extern.cpp
  FBXLoader.cpp
C:\Program Files\Microsoft Visual Studio\2022\Community\VC\Tools\MSVC\14.44.35207\include\xutility(4813,18): warning C4244: '=': 'const wchar_t'에서 'char'(으)로 변환하면서 데이터가 손실될 수 있습니다.
  (소스 파일 '/FBXLoader.cpp'을(를) 컴파일하는 중)
      C:\Program Files\Microsoft Visual Studio\2022\Community\VC\Tools\MSVC\14.44.35207\include\xutility(4813,18):
      템플릿 인스턴스화 컨텍스트(가장 오래된 인스턴스화 컨텍스트)가
          C:\Users\Jasmine\Desktop\PointLight\DirectX\Project\Engine\FBXLoader.cpp(60,16):
          컴파일되는 함수 템플릿 인스턴스화 'std::basic_string<char,std::char_traits<char>,std::allocator<char>>::basic_string<std::_String_const_iterator<std::_String_val<std::_Simple_types<_Elem>>>,0>(_Iter,_Iter,const _Alloc &)'에 대한 참조를 확인하세요.
          with
          [
              _Elem=wchar_t,
              _Iter=std::_String_const_iterator<std::_String_val<std::_Simple_types<wchar_t>>>,
              _Alloc=std::allocator<char>
          ]
              C:\Users\Jasmine\Desktop\PointLight\DirectX\Project\Engine\FBXLoader.cpp(60,16):
              'FBXLoader::LoadFbx'에서 'std::basic_string<char,std::char_traits<char>,std::allocator<char>>::basic_string'에 대한 첫 번째 참조를 확인하세요.
          C:\Program Files\Microsoft Visual Studio\2022\Community\VC\Tools\MSVC\14.44.35207\include\xstring(812,17):
          컴파일되는 함수 템플릿 인스턴스화 'void std::basic_string<char,std::char_traits<char>,std::allocator<char>>::_Construct_from_iter<const wchar_t*,const wchar_t*,_Size_type>(_Iter,const _Sent,_Size)'에 대한 참조를 확인하세요.
          with
          [
              _Size_type=unsigned __int64,
              _Iter=const wchar_t *,
              _Sent=const wchar_t *,
              _Size=unsigned __int64
          ]
          C:\Program Files\Microsoft Visual Studio\2022\Community\VC\Tools\MSVC\14.44.35207\include\xstring(968,18):
          컴파일되는 함수 템플릿 인스턴스화 '_OutIt *std::_Copy_n_unchecked4<const wchar_t*,_Size,char*>(_InIt,_SizeTy,_OutIt)'에 대한 참조를 확인하세요.
          with
          [
              _OutIt=char *,
              _Size=unsigned __int64,
              _InIt=const wchar_t *,
              _SizeTy=unsigned __int64
          ]
  
  FontMgr.cpp
  Frustum.cpp
  func.cpp
C:\Users\Jasmine\Desktop\PointLight\DirectX\Project\Engine\RenderMgr.h(49,108): warning C4267: 'return': 'size_t'에서 'int'(으)로 변환하면서 데이터가 손실될 수 있습니다.
  (소스 파일 '/func.cpp'을(를) 컴파일하는 중)
  
C:\Users\Jasmine\Desktop\PointLight\DirectX\Project\Engine\func.cpp(176,10): warning C4267: '초기화 중': 'size_t'에서 'int'(으)로 변환하면서 데이터가 손실될 수 있습니다.
  (소스 파일 '/func.cpp'을(를) 컴파일하는 중)
  
C:\Users\Jasmine\Desktop\PointLight\DirectX\Project\Engine\func.cpp(186,10): warning C4267: '초기화 중': 'size_t'에서 'int'(으)로 변환하면서 데이터가 손실될 수 있습니다.
  (소스 파일 '/func.cpp'을(를) 컴파일하는 중)
  
  GameObject.cpp
  KeyMgr.cpp
  Layer.cpp
  Level.cpp
C:\Users\Jasmine\Desktop\PointLight\DirectX\Project\Engine\RenderMgr.h(49,108): warning C4267: 'return': 'size_t'에서 'int'(으)로 변환하면서 데이터가 손실될 수 있습니다.
  (소스 파일 '/Level.cpp'을(를) 컴파일하는 중)
  
  LevelMgr.cpp
C:\Users\Jasmine\Desktop\PointLight\DirectX\Project\Engine\RenderMgr.h(49,108): warning C4267: 'return': 'size_t'에서 'int'(으)로 변환하면서 데이터가 손실될 수 있습니다.
  (소스 파일 '/LevelMgr.cpp'을(를) 컴파일하는 중)
  
  MRT.cpp
C:\Users\Jasmine\Desktop\PointLight\DirectX\Project\Engine\MRT.cpp(31,37): warning C4244: '=': 'UINT'에서 'FLOAT'(으)로 변환하면서 데이터가 손실될 수 있습니다.
  (소스 파일 '/MRT.cpp'을(를) 컴파일하는 중)
  
C:\Users\Jasmine\Desktop\PointLight\DirectX\Project\Engine\MRT.cpp(32,39): warning C4244: '=': 'UINT'에서 'FLOAT'(으)로 변환하면서 데이터가 손실될 수 있습니다.
  (소스 파일 '/MRT.cpp'을(를) 컴파일하는 중)
  
  PathMgr.cpp
C:\Users\Jasmine\Desktop\PointLight\DirectX\Project\Engine\PathMgr.cpp(28,10): warning C4267: '초기화 중': 'size_t'에서 'int'(으)로 변환하면서 데이터가 손실될 수 있습니다.
  (소스 파일 '/PathMgr.cpp'을(를) 컴파일하는 중)
  
  RenderMgr.cpp
C:\Users\Jasmine\Desktop\PointLight\DirectX\Project\Engine\RenderMgr.h(49,108): warning C4267: 'return': 'size_t'에서 'int'(으)로 변환하면서 데이터가 손실될 수 있습니다.
  (소스 파일 '/RenderMgr.cpp'을(를) 컴파일하는 중)
  
C:\Users\Jasmine\Desktop\PointLight\DirectX\Project\Engine\RenderMgr.cpp(33,74): warning C4267: '인수': 'size_t'에서 'UINT'(으)로 변환하면서 데이터가 손실될 수 있습니다.
  (소스 파일 '/RenderMgr.cpp'을(를) 컴파일하는 중)
  
C:\Users\Jasmine\Desktop\PointLight\DirectX\Project\Engine\RenderMgr.cpp(46,78): warning C4267: '인수': 'size_t'에서 'UINT'(으)로 변환하면서 데이터가 손실될 수 있습니다.
  (소스 파일 '/RenderMgr.cpp'을(를) 컴파일하는 중)
  
C:\Users\Jasmine\Desktop\PointLight\DirectX\Project\Engine\RenderMgr.cpp(58,74): warning C4267: '인수': 'size_t'에서 'UINT'(으)로 변환하면서 데이터가 손실될 수 있습니다.
  (소스 파일 '/RenderMgr.cpp'을(를) 컴파일하는 중)
  
C:\Users\Jasmine\Desktop\PointLight\DirectX\Project\Engine\RenderMgr.cpp(71,78): warning C4267: '인수': 'size_t'에서 'UINT'(으)로 변환하면서 데이터가 손실될 수 있습니다.
  (소스 파일 '/RenderMgr.cpp'을(를) 컴파일하는 중)
  
C:\Users\Jasmine\Desktop\PointLight\DirectX\Project\Engine\RenderMgr.cpp(80,46): warning C4267: '=': 'size_t'에서 'UINT'(으)로 변환하면서 데이터가 손실될 수 있습니다.
  (소스 파일 '/RenderMgr.cpp'을(를) 컴파일하는 중)
  
C:\Users\Jasmine\Desktop\PointLight\DirectX\Project\Engine\RenderMgr.cpp(81,46): warning C4267: '=': 'size_t'에서 'UINT'(으)로 변환하면서 데이터가 손실될 수 있습니다.
  (소스 파일 '/RenderMgr.cpp'을(를) 컴파일하는 중)
  
C:\Users\Jasmine\Desktop\PointLight\DirectX\Project\Engine\RenderMgr.cpp(339,27): warning C4018: '<': signed 또는 unsigned가 일치하지 않습니다.
  (소스 파일 '/RenderMgr.cpp'을(를) 컴파일하는 중)
  
  RenderMgr_Init.cpp
C:\Users\Jasmine\Desktop\PointLight\DirectX\Project\Engine\RenderMgr.h(49,108): warning C4267: 'return': 'size_t'에서 'int'(으)로 변환하면서 데이터가 손실될 수 있습니다.
  (소스 파일 '/RenderMgr_Init.cpp'을(를) 컴파일하는 중)
  
  StructuredBuffer.cpp
  TaskMgr.cpp
C:\Users\Jasmine\Desktop\PointLight\DirectX\Project\Engine\RenderMgr.h(49,108): warning C4267: 'return': 'size_t'에서 'int'(으)로 변환하면서 데이터가 손실될 수 있습니다.
  (소스 파일 '/TaskMgr.cpp'을(를) 컴파일하는 중)
  
  TimeMgr.cpp
  코드를 생성하고 있습니다...
  Engine.vcxproj -> C:\Users\Jasmine\Desktop\PointLight\DirectX\External\Library\Engine\Engine_D.lib
